// Jest Snapshot v1, https://goo.gl/fbAQLP

exports[`the MenuPage Component should be rendered 1`] = `null`;
