// Jest Snapshot v1, https://goo.gl/fbAQLP

exports[`the App Component should be rendered 1`] = `
<div
  className="App"
/>
`;
